{"t":"2026-10-06T08:38:03.851Z","type":"admin.login_failed","ip":"::1"}
{"t":"2026-10-06T08:38:05.457Z","type":"admin.login_failed","ip":"::1"}
{"t":"2026-10-06T08:38:23.897Z","type":"admin.login","ip":"::1"}
{"t":"2026-10-06T08:40:59.786Z","type":"payment.created","payment":"1d65c140151a2971","user":"6c37b846f882e486","amount":22,"orders":["TH-91806596"]}
{"t":"2026-10-06T08:41:00.106Z","type":"payment.declined","payment":"1d65c140151a2971","user":"6c37b846f882e486","amount":22}
{"t":"2026-10-06T08:41:00.756Z","type":"payment.created","payment":"6f3884d56ec45a88","user":"6c37b846f882e486","amount":22,"orders":["TH-67845653"]}
{"t":"2026-10-06T08:41:00.833Z","type":"payment.declined","payment":"6f3884d56ec45a88","user":"6c37b846f882e486","amount":22}
{"t":"2026-10-06T08:41:00.928Z","type":"payment.created","payment":"fe478cd990c96bd5","user":"6c37b846f882e486","amount":22,"orders":["TH-19319538"]}
{"t":"2026-10-06T08:41:00.994Z","type":"payment.declined","payment":"fe478cd990c96bd5","user":"6c37b846f882e486","amount":22}
{"t":"2026-10-06T08:41:04.735Z","type":"payment.created","payment":"2472c60886a68160","user":"6c37b846f882e486","amount":22,"orders":["TH-36681560"]}
{"t":"2026-10-06T08:41:04.825Z","type":"payment.declined","payment":"2472c60886a68160","user":"6c37b846f882e486","amount":22}
{"t":"2026-10-06T08:41:04.905Z","type":"payment.created","payment":"02543d3b560d0732","user":"6c37b846f882e486","amount":22,"orders":["TH-29411204"]}
{"t":"2026-10-06T08:41:04.975Z","type":"payment.declined","payment":"02543d3b560d0732","user":"6c37b846f882e486","amount":22}
{"t":"2026-10-06T08:41:05.087Z","type":"payment.created","payment":"446f13cf0a858786","user":"6c37b846f882e486","amount":22,"orders":["TH-64213900"]}
{"t":"2026-10-06T08:41:05.154Z","type":"payment.declined","payment":"446f13cf0a858786","user":"6c37b846f882e486","amount":22}
{"t":"2026-10-06T08:41:07.871Z","type":"payment.created","payment":"28765ea9c7cbb0f2","user":"6c37b846f882e486","amount":22,"orders":["TH-58235075"]}
{"t":"2026-10-06T08:41:07.929Z","type":"payment.declined","payment":"28765ea9c7cbb0f2","user":"6c37b846f882e486","amount":22}
{"t":"2026-10-06T08:41:08.858Z","type":"payment.created","payment":"95ec010648629e7a","user":"6c37b846f882e486","amount":22,"orders":["TH-25268436"]}
{"t":"2026-10-06T08:41:08.931Z","type":"payment.declined","payment":"95ec010648629e7a","user":"6c37b846f882e486","amount":22}
{"t":"2026-10-06T12:39:55.247Z","type":"payment.created","payment":"3a13d706b165dfa4","user":"6c37b846f882e486","amount":22,"orders":["TH-23406851"]}
{"t":"2026-10-06T12:40:00.497Z","type":"payment.declined","payment":"3a13d706b165dfa4","user":"6c37b846f882e486","amount":22}
{"t":"2026-10-06T12:40:01.743Z","type":"payment.created","payment":"770aad29741e60f3","user":"6c37b846f882e486","amount":22,"orders":["TH-70868524"]}
{"t":"2026-10-06T12:40:02.361Z","type":"payment.declined","payment":"770aad29741e60f3","user":"6c37b846f882e486","amount":22}
{"t":"2026-10-06T12:40:02.918Z","type":"payment.created","payment":"ae316913e565eec5","user":"6c37b846f882e486","amount":22,"orders":["TH-17433347"]}
{"t":"2026-10-06T12:40:03.081Z","type":"payment.declined","payment":"ae316913e565eec5","user":"6c37b846f882e486","amount":22}
{"t":"2026-10-06T12:41:04.791Z","type":"payment.created","payment":"99aec53c86975c50","user":"6c37b846f882e486","amount":22,"orders":["TH-95392021"]}
{"t":"2026-10-06T12:41:31.355Z","type":"payment.paid","payment":"99aec53c86975c50","user":"6c37b846f882e486","amount":22}
{"t":"2026-10-06T14:12:01.146Z","type":"snap.failed","user":"fa109336ce0895f0","error":"API key is invalid."}
{"t":"2026-10-06T14:12:41.841Z","type":"admin.login","ip":"::1"}
{"t":"2026-10-06T14:14:11.857Z","type":"order.refunded","order":"TH-95392021","amount":22,"by":"buyer","reason":"ifn nnnbvvc","afterPayout":false}
{"t":"2026-10-06T14:34:29.372Z","type":"payment.created","payment":"6b7311fdf380e305","user":"6c37b846f882e486","amount":22,"orders":["TH-96709403"]}
{"t":"2026-10-06T14:34:29.644Z","type":"payment.declined","payment":"6b7311fdf380e305","user":"6c37b846f882e486","amount":22}
{"t":"2026-10-06T14:36:12.011Z","type":"payment.created","payment":"e9ff291212dbf915","user":"8330608e2c25852a","amount":22,"orders":["TH-62580641"]}
{"t":"2026-10-06T14:36:12.251Z","type":"payment.declined","payment":"e9ff291212dbf915","user":"8330608e2c25852a","amount":22}
{"t":"2026-10-06T14:36:12.997Z","type":"payment.created","payment":"17d1335eb8f08a58","user":"8330608e2c25852a","amount":22,"orders":["TH-85652985"]}
{"t":"2026-10-06T14:36:13.092Z","type":"payment.declined","payment":"17d1335eb8f08a58","user":"8330608e2c25852a","amount":22}
{"t":"2026-10-06T14:36:19.182Z","type":"payment.created","payment":"d99e3d4e95290820","user":"8330608e2c25852a","amount":22,"orders":["TH-58636614"]}
{"t":"2026-10-06T14:36:19.395Z","type":"payment.declined","payment":"d99e3d4e95290820","user":"8330608e2c25852a","amount":22}
{"t":"2026-10-06T14:36:19.524Z","type":"payment.created","payment":"aac7f66b1c64fb51","user":"8330608e2c25852a","amount":22,"orders":["TH-42052707"]}
{"t":"2026-10-06T14:36:19.591Z","type":"payment.declined","payment":"aac7f66b1c64fb51","user":"8330608e2c25852a","amount":22}
{"t":"2026-10-06T14:36:19.741Z","type":"payment.created","payment":"aace8e2279292515","user":"8330608e2c25852a","amount":22,"orders":["TH-32935067"]}
{"t":"2026-10-06T14:36:19.816Z","type":"payment.declined","payment":"aace8e2279292515","user":"8330608e2c25852a","amount":22}
{"t":"2026-10-06T14:36:19.949Z","type":"payment.created","payment":"a63daf2497eebbb4","user":"8330608e2c25852a","amount":22,"orders":["TH-58673865"]}
{"t":"2026-10-06T14:36:20.015Z","type":"payment.declined","payment":"a63daf2497eebbb4","user":"8330608e2c25852a","amount":22}
{"t":"2026-10-06T14:36:20.214Z","type":"payment.created","payment":"abbd176e79b1a36e","user":"8330608e2c25852a","amount":22,"orders":["TH-14823950"]}
{"t":"2026-10-06T14:36:20.283Z","type":"payment.declined","payment":"abbd176e79b1a36e","user":"8330608e2c25852a","amount":22}
{"t":"2026-10-06T14:37:06.578Z","type":"payment.created","payment":"a57161c68d2ebba7","user":"8330608e2c25852a","amount":22,"orders":["TH-80569962"]}
{"t":"2026-10-06T14:37:23.469Z","type":"payment.paid","payment":"a57161c68d2ebba7","user":"8330608e2c25852a","amount":22}
